[2023-12-08T13:52:47.401+0000][gc] Using G1
[2023-12-08T13:52:47.409+0000][gc,init] Version: 17.0.9+8-LTS (release)
[2023-12-08T13:52:47.409+0000][gc,init] CPUs: 2 total, 2 available
[2023-12-08T13:52:47.409+0000][gc,init] Memory: 7929M
[2023-12-08T13:52:47.409+0000][gc,init] Large Page Support: Disabled
[2023-12-08T13:52:47.409+0000][gc,init] NUMA Support: Disabled
[2023-12-08T13:52:47.409+0000][gc,init] Compressed Oops: Enabled (32-bit)
[2023-12-08T13:52:47.409+0000][gc,init] Heap Region Size: 1M
[2023-12-08T13:52:47.409+0000][gc,init] Heap Min Capacity: 512M
[2023-12-08T13:52:47.409+0000][gc,init] Heap Initial Capacity: 512M
[2023-12-08T13:52:47.409+0000][gc,init] Heap Max Capacity: 512M
[2023-12-08T13:52:47.409+0000][gc,init] Pre-touch: Disabled
[2023-12-08T13:52:47.409+0000][gc,init] Parallel Workers: 2
[2023-12-08T13:52:47.409+0000][gc,init] Concurrent Workers: 1
[2023-12-08T13:52:47.409+0000][gc,init] Concurrent Refinement Workers: 2
[2023-12-08T13:52:47.409+0000][gc,init] Periodic GC: Disabled
[2023-12-08T13:52:47.415+0000][gc,metaspace] CDS archive(s) mapped at: [0x00007f4d0b000000-0x00007f4d0bbc6000-0x00007f4d0bbc6000), size 12345344, SharedBaseAddress: 0x00007f4d0b000000, ArchiveRelocationMode: 1.
[2023-12-08T13:52:47.415+0000][gc,metaspace] Compressed class space mapped at: 0x00007f4d0c000000-0x00007f4d4c000000, reserved size: 1073741824
[2023-12-08T13:52:47.415+0000][gc,metaspace] Narrow klass base: 0x00007f4d0b000000, Narrow klass shift: 0, Narrow klass range: 0x100000000
[2023-12-08T13:55:39.796+0000][gc,heap,exit] Heap
[2023-12-08T13:55:39.796+0000][gc,heap,exit]  garbage-first heap   total 524288K, used 19378K [0x00000000e0000000, 0x0000000100000000)
[2023-12-08T13:55:39.796+0000][gc,heap,exit]   region size 1024K, 19 young (19456K), 0 survivors (0K)
[2023-12-08T13:55:39.796+0000][gc,heap,exit]  Metaspace       used 7017K, committed 7168K, reserved 1114112K
[2023-12-08T13:55:39.796+0000][gc,heap,exit]   class space    used 794K, committed 896K, reserved 1048576K
